// Jest Snapshot v1, https://goo.gl/fbAQLP

exports[`should create shapshot 1`] = `
<DocumentFragment>
  .emotion-0 {
  display: -webkit-box;
  display: -webkit-flex;
  display: -ms-flexbox;
  display: flex;
  -webkit-box-flex-flow: column;
  -webkit-flex-flow: column;
  -ms-flex-flow: column;
  flex-flow: column;
}

.emotion-1 {
  display: -webkit-box;
  display: -webkit-flex;
  display: -ms-flexbox;
  display: flex;
  -webkit-box-flex-flow: row;
  -webkit-flex-flow: row;
  -ms-flex-flow: row;
  flex-flow: row;
  -webkit-align-items: center;
  -webkit-box-align: center;
  -ms-flex-align: center;
  align-items: center;
  -webkit-box-pack: justify;
  -webkit-justify-content: space-between;
  justify-content: space-between;
  width: 100%;
  height: 2.5rem;
  padding: 0 1rem;
  background-color: #795c5c;
}

.emotion-2 {
  font-size: 1rem;
  font-weight: bold;
  color: #fff;
  text-align: center;
}

.emotion-3 {
  display: -webkit-box;
  display: -webkit-flex;
  display: -ms-flexbox;
  display: flex;
  -webkit-box-flex-flow: column;
  -webkit-flex-flow: column;
  -ms-flex-flow: column;
  flex-flow: column;
  -webkit-align-items: center;
  -webkit-box-align: center;
  -ms-flex-align: center;
  align-items: center;
  -webkit-box-pack: center;
  -ms-flex-pack: center;
  -webkit-justify-content: center;
  justify-content: center;
  height: calc(100svh - 2.5rem);
}

.emotion-4 {
  display: grid;
  grid-template-rows: auto auto;
  grid-template-columns: auto;
  grid-gap: 2rem;
  padding: 1rem;
}

.emotion-5 {
  max-width: 16rem;
  max-height: 12rem;
  margin: auto;
}

.emotion-6 {
  display: -webkit-box;
  display: -webkit-flex;
  display: -ms-flexbox;
  display: flex;
  -webkit-flex-direction: column;
  -ms-flex-direction: column;
  flex-direction: column;
  grid-gap: 1rem;
  -webkit-align-items: center;
  -webkit-box-align: center;
  -ms-flex-align: center;
  align-items: center;
  -webkit-box-pack: center;
  -ms-flex-pack: center;
  -webkit-justify-content: center;
  justify-content: center;
  color: #707070;
}

.emotion-7 {
  font-size: 32px;
  line-height: calc(32px * 1.25);
}

<div
    class="fui-FluentProvider fui-FluentProviderr0 ___jdtuxv0_17k0bs4 f19n0e5 fxugw4r f1o700av fk6fouc fkhj508 figsok6 f1i3iumi"
    dir="ltr"
  >
    <div
      class="emotion-0"
    >
      <header
        class="emotion-1"
      >
        <span
          class="fui-Text emotion-2 ___c56hd20_1xy0w11 fk6fouc fkhj508 f1i3iumi figsok6 fpgzoln f1w7gpdv f6juhto f1gl81tg f2jf649"
        >
          Hitofude
        </span>
      </header>
      <div
        class="emotion-3"
      >
        <div
          class="emotion-4"
        >
          <img
            alt="We can't find the page you're looking for"
            class="emotion-5"
            src="/assets/images/NotFound.svg"
          />
          <div
            class="emotion-6"
          >
            <h4
              class="fui-Text emotion-7 ___c56hd20_1xy0w11 fk6fouc fkhj508 f1i3iumi figsok6 fpgzoln f1w7gpdv f6juhto f1gl81tg f2jf649"
            >
              We can't find the page you're looking for
            </h4>
            <span
              class="fui-Text ___c56hd20_1xy0w11 fk6fouc fkhj508 f1i3iumi figsok6 fpgzoln f1w7gpdv f6juhto f1gl81tg f2jf649"
            >
              Page not found
            </span>
          </div>
        </div>
      </div>
    </div>
  </div>
</DocumentFragment>
`;
