// Vitest Snapshot v1, https://vitest.dev/guide/snapshot.html

exports[`should match the snapshot 1`] = `
<DocumentFragment>
  .emotion-0 {
  display: -webkit-box;
  display: -webkit-flex;
  display: -ms-flexbox;
  display: flex;
  -webkit-box-flex-flow: column;
  -webkit-flex-flow: column;
  -ms-flex-flow: column;
  flex-flow: column;
}

.emotion-1 {
  position: fixed;
  z-index: 200;
  display: -webkit-box;
  display: -webkit-flex;
  display: -ms-flexbox;
  display: flex;
  -webkit-flex-direction: row;
  -ms-flex-direction: row;
  flex-direction: row;
  -webkit-align-items: center;
  -webkit-box-align: center;
  -ms-flex-align: center;
  align-items: center;
  -webkit-box-pack: justify;
  -webkit-justify-content: space-between;
  justify-content: space-between;
  width: 100%;
  height: 3rem;
  padding: 0 1rem;
  background-color: #795c5c;
}

.emotion-2 {
  font-size: 24px;
  color: #ffffff;
  text-align: center;
}

.emotion-3 {
  display: grid;
  height: calc(100svh - 2.5rem);
  margin: 2.5rem 0 0;
}

@media all and (width <= 960px) {
  .emotion-3 {
    grid-template-rows: auto;
    grid-template-columns: auto 1fr;
  }

  .emotion-3>div:last-of-type {
    position: fixed;
    width: calc(100vw - 3.5rem);
    height: calc(100svh - 2.5rem);
    margin: 0 0 0 3.5rem;
  }
}

@media not all and (width <= 960px) {
  .emotion-3 {
    grid-template-rows: auto;
    grid-template-columns: auto auto 1fr;
  }

  .emotion-3>div:last-of-type {
    position: static;
    margin: 0;
  }
}

<div
    class="fui-FluentProvider fui-FluentProviderr0 ___jdtuxv0_17k0bs4 f19n0e5 fxugw4r f1o700av fk6fouc fkhj508 figsok6 f1i3iumi"
    dir="ltr"
  >
    <div
      data-testid="test-ErrorNotification"
    />
    <div
      data-testid="test-DialogFactory"
    />
    <div
      data-testid="test-SidePanelFactory"
    />
    <div
      class="emotion-0"
    >
      <header
        class="emotion-1"
      >
        <h1
          class="fui-Text emotion-2 ___c56hd20_1xy0w11 fk6fouc fkhj508 f1i3iumi figsok6 fpgzoln f1w7gpdv f6juhto f1gl81tg f2jf649"
        >
          Hitofude
        </h1>
        <div
          data-testid="test-MeControl"
        />
      </header>
      <main
        class="emotion-3"
      >
        <div
          data-testid="test-AppBar"
        />
        <div
          data-testid="test-AppTab"
        />
        <div
          data-testid="test-AppContent"
        />
      </main>
    </div>
  </div>
</DocumentFragment>
`;
